route_aggregator.adb:460:15: medium: loop invariant might not be preserved by an arbitrary iteration, cannot prove Int_Set_Maps_K.Get (Keys (State.m_pendingAutoReq), K) = Int_Set_Maps_K.Get (Keys (State.m_pendingAutoReq)'Loop_Entry, K + D)
route_aggregator.adb:693:07: medium: exception might be raised
route_aggregator.ads:357:14: high: all paths in "Euclidean_Plan" raise exceptions or do not terminate normally
