assignment_tree_branch_bound.adb:267:08: medium: "All_Actions_In_Map" is recursive, terminating annotation could be incorrect
assignment_tree_branch_bound.adb:454:22: medium: "Prove_TaskOptionId_In_Map" is recursive, terminating annotation could be incorrect
assignment_tree_branch_bound.adb:1652:07: warning: statement has no effect
assignment_tree_branch_bound.adb:1652:18: warning: "Algebra" is set by "Free_Tree" but not used after the call
